C:/Users/Ethan/Documents/SolarCar/Rivanna3_Telemetry_Display/TouchGFX/target/generated/nema_hal.c:58:6:HAL_GPU2D_CommandListCpltCallback	16	static
C:/Users/Ethan/Documents/SolarCar/Rivanna3_Telemetry_Display/TouchGFX/target/generated/nema_hal.c:70:9:nema_sys_init	48	static
C:/Users/Ethan/Documents/SolarCar/Rivanna3_Telemetry_Display/TouchGFX/target/generated/nema_hal.c:105:10:nema_reg_read	16	static
C:/Users/Ethan/Documents/SolarCar/Rivanna3_Telemetry_Display/TouchGFX/target/generated/nema_hal.c:110:6:nema_reg_write	16	static
C:/Users/Ethan/Documents/SolarCar/Rivanna3_Telemetry_Display/TouchGFX/target/generated/nema_hal.c:115:5:nema_wait_irq	8	static
C:/Users/Ethan/Documents/SolarCar/Rivanna3_Telemetry_Display/TouchGFX/target/generated/nema_hal.c:123:5:nema_wait_irq_cl	16	static
C:/Users/Ethan/Documents/SolarCar/Rivanna3_Telemetry_Display/TouchGFX/target/generated/nema_hal.c:133:5:nema_wait_irq_brk	16	static
C:/Users/Ethan/Documents/SolarCar/Rivanna3_Telemetry_Display/TouchGFX/target/generated/nema_hal.c:143:6:nema_host_free	16	static
C:/Users/Ethan/Documents/SolarCar/Rivanna3_Telemetry_Display/TouchGFX/target/generated/nema_hal.c:148:7:nema_host_malloc	16	static
C:/Users/Ethan/Documents/SolarCar/Rivanna3_Telemetry_Display/TouchGFX/target/generated/nema_hal.c:153:15:nema_buffer_create	40	static
C:/Users/Ethan/Documents/SolarCar/Rivanna3_Telemetry_Display/TouchGFX/target/generated/nema_hal.c:165:15:nema_buffer_create_pool	24	static
C:/Users/Ethan/Documents/SolarCar/Rivanna3_Telemetry_Display/TouchGFX/target/generated/nema_hal.c:173:7:nema_buffer_map	16	static
C:/Users/Ethan/Documents/SolarCar/Rivanna3_Telemetry_Display/TouchGFX/target/generated/nema_hal.c:178:6:nema_buffer_unmap	16	static
C:/Users/Ethan/Documents/SolarCar/Rivanna3_Telemetry_Display/TouchGFX/target/generated/nema_hal.c:184:6:nema_buffer_destroy	16	static
C:/Users/Ethan/Documents/SolarCar/Rivanna3_Telemetry_Display/TouchGFX/target/generated/nema_hal.c:199:11:nema_buffer_phys	16	static
C:/Users/Ethan/Documents/SolarCar/Rivanna3_Telemetry_Display/TouchGFX/target/generated/nema_hal.c:204:6:nema_buffer_flush	16	static
C:/Users/Ethan/Documents/SolarCar/Rivanna3_Telemetry_Display/TouchGFX/target/generated/nema_hal.c:210:5:nema_mutex_lock	24	static
C:/Users/Ethan/Documents/SolarCar/Rivanna3_Telemetry_Display/TouchGFX/target/generated/nema_hal.c:222:5:nema_mutex_unlock	24	static
