../../Drivers/CMSIS/Include/core_cm33.h:2428:22:void __NVIC_DisableIRQ(IRQn_Type)	16	static,ignoring_inline_asm
../../Middlewares/ST/touchgfx/framework/include/touchgfx/hal/Types.hpp:78:5:touchgfx::colortype::colortype()	16	static
../../Middlewares/ST/touchgfx/framework/include/touchgfx/hal/Types.hpp:114:5:touchgfx::colortype::operator uint32_t() const	16	static
../../Middlewares/ST/touchgfx/framework/include/touchgfx/hal/DMA.hpp:61:13:touchgfx::DMA_Queue::~DMA_Queue()	16	static
../../Middlewares/ST/touchgfx/framework/include/touchgfx/hal/DMA.hpp:61:13:virtual touchgfx::DMA_Queue::~DMA_Queue()	16	static
../../Middlewares/ST/touchgfx/framework/include/touchgfx/hal/DMA.hpp:138:18:virtual void touchgfx::DMA_Interface::flush()	16	static
../../Middlewares/ST/touchgfx/framework/include/touchgfx/hal/DMA.hpp:240:13:touchgfx::DMA_Interface::~DMA_Interface()	16	static
../../Middlewares/ST/touchgfx/framework/include/touchgfx/hal/DMA.hpp:240:13:virtual touchgfx::DMA_Interface::~DMA_Interface()	16	static
../../Middlewares/ST/touchgfx/framework/include/touchgfx/hal/DMA.hpp:250:5:touchgfx::DMA_Interface::DMA_Interface(touchgfx::DMA_Queue&)	16	static
../../TouchGFX/target/generated/STM32DMA.hpp:71:31:virtual touchgfx::DMAType STM32DMA::getDMAType()	16	static
../../TouchGFX/target/generated/STM32DMA.hpp:107:18:virtual void STM32DMA::signalDMAInterrupt()	16	static
../../Middlewares/ST/touchgfx/framework/include/touchgfx/hal/HAL.hpp:115:17:static touchgfx::HAL* touchgfx::HAL::getInstance()	4	static
../../Middlewares/ST/touchgfx/framework/include/touchgfx/hal/HAL.hpp:169:10:void touchgfx::HAL::signalDMAInterrupt()	16	static
C:/Users/Ethan/Documents/SolarCar/Rivanna3_Telemetry_Display/TouchGFX/target/generated/STM32DMA.cpp:36:17:void DMA2D_IRQHandler()	8	static
../../Middlewares/ST/touchgfx/framework/include/touchgfx/hal/BlitOp.hpp:46:8:touchgfx::BlitOp::BlitOp()	16	static
C:/Users/Ethan/Documents/SolarCar/Rivanna3_Telemetry_Display/TouchGFX/target/generated/STM32DMA.cpp:56:1:STM32DMA::STM32DMA()	24	static
C:/Users/Ethan/Documents/SolarCar/Rivanna3_Telemetry_Display/TouchGFX/target/generated/STM32DMA.cpp:61:1:STM32DMA::~STM32DMA()	16	static
C:/Users/Ethan/Documents/SolarCar/Rivanna3_Telemetry_Display/TouchGFX/target/generated/STM32DMA.cpp:61:1:virtual STM32DMA::~STM32DMA()	16	static
C:/Users/Ethan/Documents/SolarCar/Rivanna3_Telemetry_Display/TouchGFX/target/generated/STM32DMA.cpp:67:6:virtual void STM32DMA::initialize()	24	static
C:/Users/Ethan/Documents/SolarCar/Rivanna3_Telemetry_Display/TouchGFX/target/generated/STM32DMA.cpp:79:17:uint32_t STM32DMA::getChromARTInputFormat(touchgfx::Bitmap::BitmapFormat)	24	static
C:/Users/Ethan/Documents/SolarCar/Rivanna3_Telemetry_Display/TouchGFX/target/generated/STM32DMA.cpp:114:17:uint32_t STM32DMA::getChromARTOutputFormat(touchgfx::Bitmap::BitmapFormat)	24	static
C:/Users/Ethan/Documents/SolarCar/Rivanna3_Telemetry_Display/TouchGFX/target/generated/STM32DMA.cpp:147:16:virtual touchgfx::BlitOperations STM32DMA::getBlitCaps()	16	static
C:/Users/Ethan/Documents/SolarCar/Rivanna3_Telemetry_Display/TouchGFX/target/generated/STM32DMA.cpp:170:6:virtual void STM32DMA::setupDataCopy(const touchgfx::BlitOp&)	48	static
C:/Users/Ethan/Documents/SolarCar/Rivanna3_Telemetry_Display/TouchGFX/target/generated/STM32DMA.cpp:337:6:virtual void STM32DMA::setupDataFill(const touchgfx::BlitOp&)	32	static
C:/Users/Ethan/Documents/SolarCar/Rivanna3_Telemetry_Display/TouchGFX/target/generated/STM32DMA.cpp:405:6:void touchgfx::paint::setL8Palette(const uint8_t*)	16	static
C:/Users/Ethan/Documents/SolarCar/Rivanna3_Telemetry_Display/TouchGFX/target/generated/STM32DMA.cpp:416:6:void touchgfx::paint::tearDown()	4	static
C:/Users/Ethan/Documents/SolarCar/Rivanna3_Telemetry_Display/TouchGFX/target/generated/STM32DMA.cpp:429:6:void touchgfx::paint::flushLine(uint32_t*, int)	16	static
C:/Users/Ethan/Documents/SolarCar/Rivanna3_Telemetry_Display/TouchGFX/target/generated/STM32DMA.cpp:441:6:void touchgfx::paint::rgb565::lineFromColor(uint16_t*, unsigned int, uint32_t, uint8_t, uint32_t)	24	static
C:/Users/Ethan/Documents/SolarCar/Rivanna3_Telemetry_Display/TouchGFX/target/generated/STM32DMA.cpp:491:6:void touchgfx::paint::rgb565::lineFromRGB565(uint16_t*, const uint16_t*, unsigned int, uint8_t)	24	static
C:/Users/Ethan/Documents/SolarCar/Rivanna3_Telemetry_Display/TouchGFX/target/generated/STM32DMA.cpp:535:6:void touchgfx::paint::rgb565::lineFromARGB8888(uint16_t*, const uint32_t*, unsigned int, uint8_t)	24	static
C:/Users/Ethan/Documents/SolarCar/Rivanna3_Telemetry_Display/TouchGFX/target/generated/STM32DMA.cpp:568:6:void touchgfx::paint::rgb565::lineFromL8RGB888(uint16_t*, const uint8_t*, unsigned int, uint8_t)	24	static
C:/Users/Ethan/Documents/SolarCar/Rivanna3_Telemetry_Display/TouchGFX/target/generated/STM32DMA.cpp:633:6:void touchgfx::paint::rgb565::lineFromL8ARGB8888(uint16_t*, const uint8_t*, unsigned int, uint8_t)	24	static
C:/Users/Ethan/Documents/SolarCar/Rivanna3_Telemetry_Display/TouchGFX/target/generated/STM32DMA.cpp:699:6:void touchgfx::paint::rgb888::lineFromColor(uint8_t*, unsigned int, uint32_t, uint8_t)	24	static
C:/Users/Ethan/Documents/SolarCar/Rivanna3_Telemetry_Display/TouchGFX/target/generated/STM32DMA.cpp:749:6:void touchgfx::paint::rgb888::lineFromRGB888(uint8_t*, const uint8_t*, unsigned int, uint8_t)	24	static
C:/Users/Ethan/Documents/SolarCar/Rivanna3_Telemetry_Display/TouchGFX/target/generated/STM32DMA.cpp:793:6:void touchgfx::paint::rgb888::lineFromARGB8888(uint8_t*, const uint32_t*, unsigned int, uint8_t)	24	static
C:/Users/Ethan/Documents/SolarCar/Rivanna3_Telemetry_Display/TouchGFX/target/generated/STM32DMA.cpp:825:6:void touchgfx::paint::rgb888::lineFromL8RGB888(uint8_t*, const uint8_t*, unsigned int, uint8_t)	24	static
C:/Users/Ethan/Documents/SolarCar/Rivanna3_Telemetry_Display/TouchGFX/target/generated/STM32DMA.cpp:890:6:void touchgfx::paint::rgb888::lineFromL8ARGB8888(uint8_t*, const uint8_t*, unsigned int, uint8_t)	24	static
C:/Users/Ethan/Documents/SolarCar/Rivanna3_Telemetry_Display/TouchGFX/target/generated/STM32DMA.cpp:956:6:void touchgfx::paint::argb8888::lineFromColor(uint32_t*, int16_t, uint32_t, uint8_t)	24	static
C:/Users/Ethan/Documents/SolarCar/Rivanna3_Telemetry_Display/TouchGFX/target/generated/STM32DMA.cpp:1006:6:void touchgfx::paint::argb8888::lineFromRGB888(uint8_t*, const uint8_t*, int16_t, uint8_t)	24	static
C:/Users/Ethan/Documents/SolarCar/Rivanna3_Telemetry_Display/TouchGFX/target/generated/STM32DMA.cpp:1050:6:void touchgfx::paint::argb8888::lineFromRGB565(uint8_t*, const uint16_t*, int16_t, uint8_t)	24	static
C:/Users/Ethan/Documents/SolarCar/Rivanna3_Telemetry_Display/TouchGFX/target/generated/STM32DMA.cpp:1094:6:void touchgfx::paint::argb8888::lineFromARGB8888(uint8_t*, const uint32_t*, int16_t, uint8_t)	24	static
C:/Users/Ethan/Documents/SolarCar/Rivanna3_Telemetry_Display/TouchGFX/target/generated/STM32DMA.cpp:1135:6:void touchgfx::paint::argb8888::lineFromL8RGB888(uint8_t*, const uint8_t*, int16_t, uint8_t)	24	static
C:/Users/Ethan/Documents/SolarCar/Rivanna3_Telemetry_Display/TouchGFX/target/generated/STM32DMA.cpp:1200:6:void touchgfx::paint::argb8888::lineFromL8ARGB8888(uint8_t*, const uint8_t*, int16_t, uint8_t)	24	static
../../Middlewares/ST/touchgfx/framework/include/touchgfx/hal/DMA.hpp:87:7:touchgfx::LockFreeDMA_Queue::~LockFreeDMA_Queue()	16	static
../../Middlewares/ST/touchgfx/framework/include/touchgfx/hal/DMA.hpp:87:7:virtual touchgfx::LockFreeDMA_Queue::~LockFreeDMA_Queue()	16	static
