C:/Users/Ethan/Documents/SolarCar/Rivanna3_Telemetry_Display/Core/Src/app_freertos.c:68:6:vApplicationMallocFailedHook	4	static
C:/Users/Ethan/Documents/SolarCar/Rivanna3_Telemetry_Display/Core/Src/app_freertos.c:84:6:vApplicationIdleHook	4	static
C:/Users/Ethan/Documents/SolarCar/Rivanna3_Telemetry_Display/Core/Src/app_freertos.c:99:6:vApplicationStackOverflowHook	16	static
C:/Users/Ethan/Documents/SolarCar/Rivanna3_Telemetry_Display/Core/Src/app_freertos.c:112:6:MX_FREERTOS_Init	8	static
C:/Users/Ethan/Documents/SolarCar/Rivanna3_Telemetry_Display/Core/Src/app_freertos.c:154:6:StartDefaultTask	16	static
