C:/Users/Ethan/Documents/SolarCar/Rivanna3_Telemetry_Display/Core/Src/main.c:91:5:main	8	static
C:/Users/Ethan/Documents/SolarCar/Rivanna3_Telemetry_Display/Core/Src/main.c:197:6:SystemClock_Config	128	static
C:/Users/Ethan/Documents/SolarCar/Rivanna3_Telemetry_Display/Core/Src/main.c:266:6:PeriphCommonClock_Config	4	static
C:/Users/Ethan/Documents/SolarCar/Rivanna3_Telemetry_Display/Core/Src/main.c:274:13:SystemPower_Config	16	static
C:/Users/Ethan/Documents/SolarCar/Rivanna3_Telemetry_Display/Core/Src/main.c:312:13:MX_NVIC_Init	8	static
C:/Users/Ethan/Documents/SolarCar/Rivanna3_Telemetry_Display/Core/Src/main.c:331:6:HAL_TIM_PeriodElapsedCallback	16	static
C:/Users/Ethan/Documents/SolarCar/Rivanna3_Telemetry_Display/Core/Src/main.c:348:6:Error_Handler	4	static,ignoring_inline_asm
