C:/Users/Ethan/Documents/SolarCar/Rivanna3_Telemetry_Display/Core/Src/stm32u5xx_it.c:72:6:NMI_Handler	4	static
C:/Users/Ethan/Documents/SolarCar/Rivanna3_Telemetry_Display/Core/Src/stm32u5xx_it.c:87:6:HardFault_Handler	4	static
C:/Users/Ethan/Documents/SolarCar/Rivanna3_Telemetry_Display/Core/Src/stm32u5xx_it.c:102:6:MemManage_Handler	4	static
C:/Users/Ethan/Documents/SolarCar/Rivanna3_Telemetry_Display/Core/Src/stm32u5xx_it.c:117:6:BusFault_Handler	4	static
C:/Users/Ethan/Documents/SolarCar/Rivanna3_Telemetry_Display/Core/Src/stm32u5xx_it.c:132:6:UsageFault_Handler	4	static
C:/Users/Ethan/Documents/SolarCar/Rivanna3_Telemetry_Display/Core/Src/stm32u5xx_it.c:147:6:DebugMon_Handler	4	static
C:/Users/Ethan/Documents/SolarCar/Rivanna3_Telemetry_Display/Core/Src/stm32u5xx_it.c:167:6:EXTI6_IRQHandler	8	static
C:/Users/Ethan/Documents/SolarCar/Rivanna3_Telemetry_Display/Core/Src/stm32u5xx_it.c:181:6:TIM2_IRQHandler	8	static
C:/Users/Ethan/Documents/SolarCar/Rivanna3_Telemetry_Display/Core/Src/stm32u5xx_it.c:195:6:GPU2D_IRQHandler	8	static
C:/Users/Ethan/Documents/SolarCar/Rivanna3_Telemetry_Display/Core/Src/stm32u5xx_it.c:209:6:GPU2D_ER_IRQHandler	8	static
C:/Users/Ethan/Documents/SolarCar/Rivanna3_Telemetry_Display/Core/Src/stm32u5xx_it.c:223:6:LTDC_IRQHandler	8	static
