C:/Users/Ethan/Documents/SolarCar/Rivanna3_Telemetry_Display/Core/Src/tim.c:34:6:MX_TIM3_Init	88	static
C:/Users/Ethan/Documents/SolarCar/Rivanna3_Telemetry_Display/Core/Src/tim.c:107:6:MX_TIM5_Init	48	static
C:/Users/Ethan/Documents/SolarCar/Rivanna3_Telemetry_Display/Core/Src/tim.c:151:6:MX_TIM6_Init	24	static
C:/Users/Ethan/Documents/SolarCar/Rivanna3_Telemetry_Display/Core/Src/tim.c:184:6:MX_TIM8_Init	112	static
C:/Users/Ethan/Documents/SolarCar/Rivanna3_Telemetry_Display/Core/Src/tim.c:263:6:MX_TIM15_Init	120	static
C:/Users/Ethan/Documents/SolarCar/Rivanna3_Telemetry_Display/Core/Src/tim.c:334:6:HAL_TIM_PWM_MspInit	48	static
C:/Users/Ethan/Documents/SolarCar/Rivanna3_Telemetry_Display/Core/Src/tim.c:374:6:HAL_TIM_Base_MspInit	24	static
C:/Users/Ethan/Documents/SolarCar/Rivanna3_Telemetry_Display/Core/Src/tim.c:401:6:HAL_TIM_OC_MspInit	48	static
C:/Users/Ethan/Documents/SolarCar/Rivanna3_Telemetry_Display/Core/Src/tim.c:429:6:HAL_TIM_MspPostInit	56	static
C:/Users/Ethan/Documents/SolarCar/Rivanna3_Telemetry_Display/Core/Src/tim.c:528:6:HAL_TIM_PWM_MspDeInit	16	static
C:/Users/Ethan/Documents/SolarCar/Rivanna3_Telemetry_Display/Core/Src/tim.c:564:6:HAL_TIM_Base_MspDeInit	16	static
C:/Users/Ethan/Documents/SolarCar/Rivanna3_Telemetry_Display/Core/Src/tim.c:591:6:HAL_TIM_OC_MspDeInit	16	static
